 
============================================ 
Iniciando backup externo: 23/06/2026 17:53:29,79 
Copiando banco de dados principal... 
        1 arquivo(s) copiado(s).
[OK] Banco principal copiado 
Copiando backups diarios... 
9 arquivo(s) copiado(s)
[OK] Backups diarios copiados 
Limpando arquivos antigos no destino... 
[OK] Backup externo concluido com sucesso 
 
============================================ 
Iniciando backup externo: 23/06/2026 17:54:52,42 
Copiando banco de dados principal... 
        1 arquivo(s) copiado(s).
[OK] Banco principal copiado 
Copiando backups diarios... 
9 arquivo(s) copiado(s)
[OK] Backups diarios copiados 
Limpando arquivos antigos no destino... 
[OK] Backup externo concluido com sucesso 
 
============================================ 
Iniciando backup externo: 30/06/2026 12:01:46,80 
Copiando banco de dados principal... 
        1 arquivo(s) copiado(s).
[OK] Banco principal copiado 
Copiando backups diarios... 
13 arquivo(s) copiado(s)
[OK] Backups diarios copiados 
Limpando arquivos antigos no destino... 
[OK] Backup externo concluido com sucesso 
 
============================================ 
Iniciando backup externo: 30/06/2026 12:02:20,00 
Copiando banco de dados principal... 
        1 arquivo(s) copiado(s).
[OK] Banco principal copiado 
Copiando backups diarios... 
14 arquivo(s) copiado(s)
[OK] Backups diarios copiados 
Limpando arquivos antigos no destino... 
[OK] Backup externo concluido com sucesso 
 
============================================ 
Iniciando backup externo: 01/07/2026  3:00:02,23 
Copiando banco de dados principal... 
        1 file(s) copied.
[OK] Banco principal copiado 
Copiando backups diarios... 
16 File(s) copied
[OK] Backups diarios copiados 
Limpando arquivos antigos no destino... 
[OK] Backup externo concluido com sucesso 
 
============================================ 
Iniciando backup externo: 02/07/2026  3:00:02,25 
Copiando banco de dados principal... 
        1 file(s) copied.
[OK] Banco principal copiado 
Copiando backups diarios... 
16 File(s) copied
[OK] Backups diarios copiados 
Limpando arquivos antigos no destino... 
[OK] Backup externo concluido com sucesso 
 
============================================ 
Iniciando backup externo: 03/07/2026  3:00:01,34 
Copiando banco de dados principal... 
        1 file(s) copied.
[OK] Banco principal copiado 
Copiando backups diarios... 
16 File(s) copied
[OK] Backups diarios copiados 
Limpando arquivos antigos no destino... 
[OK] Backup externo concluido com sucesso 
 
============================================ 
Iniciando backup externo: 03/07/2026 18:03:25,72 
Copiando banco de dados principal... 
        1 arquivo(s) copiado(s).
[OK] Banco principal copiado 
Copiando backups diarios... 
17 arquivo(s) copiado(s)
[OK] Backups diarios copiados 
Limpando arquivos antigos no destino... 
[OK] Backup externo concluido com sucesso 
 
============================================ 
Iniciando backup externo: 04/07/2026  3:00:01,29 
Copiando banco de dados principal... 
        1 file(s) copied.
[OK] Banco principal copiado 
Copiando backups diarios... 
17 File(s) copied
[OK] Backups diarios copiados 
Limpando arquivos antigos no destino... 
[OK] Backup externo concluido com sucesso 
 
============================================ 
Iniciando backup externo: 05/07/2026  3:00:01,73 
Copiando banco de dados principal... 
        1 file(s) copied.
[OK] Banco principal copiado 
Copiando backups diarios... 
18 File(s) copied
[OK] Backups diarios copiados 
Limpando arquivos antigos no destino... 
[OK] Backup externo concluido com sucesso 
 
============================================ 
Iniciando backup externo: 06/07/2026  3:00:01,87 
Copiando banco de dados principal... 
        1 file(s) copied.
[OK] Banco principal copiado 
Copiando backups diarios... 
18 File(s) copied
[OK] Backups diarios copiados 
Limpando arquivos antigos no destino... 
[OK] Backup externo concluido com sucesso 
 
============================================ 
Iniciando backup externo: 07/07/2026  3:00:01,45 
Copiando banco de dados principal... 
        1 file(s) copied.
[OK] Banco principal copiado 
Copiando backups diarios... 
18 File(s) copied
[OK] Backups diarios copiados 
Limpando arquivos antigos no destino... 
[OK] Backup externo concluido com sucesso 
 
============================================ 
Iniciando backup externo: 08/07/2026  3:00:02,60 
Copiando banco de dados principal... 
        1 file(s) copied.
[OK] Banco principal copiado 
Copiando backups diarios... 
19 File(s) copied
[OK] Backups diarios copiados 
Limpando arquivos antigos no destino... 
[OK] Backup externo concluido com sucesso 
 
============================================ 
Iniciando backup externo: 09/07/2026  3:00:01,44 
Copiando banco de dados principal... 
        1 file(s) copied.
[OK] Banco principal copiado 
Copiando backups diarios... 
19 File(s) copied
[OK] Backups diarios copiados 
Limpando arquivos antigos no destino... 
[OK] Backup externo concluido com sucesso 
 
============================================ 
Iniciando backup externo: 10/07/2026  3:00:01,63 
Copiando banco de dados principal... 
        1 file(s) copied.
[OK] Banco principal copiado 
Copiando backups diarios... 
19 File(s) copied
[OK] Backups diarios copiados 
Limpando arquivos antigos no destino... 
[OK] Backup externo concluido com sucesso 
 
============================================ 
Iniciando backup externo: 11/07/2026  3:00:01,63 
Copiando banco de dados principal... 
        1 file(s) copied.
[OK] Banco principal copiado 
Copiando backups diarios... 
19 File(s) copied
[OK] Backups diarios copiados 
Limpando arquivos antigos no destino... 
[OK] Backup externo concluido com sucesso 
 
============================================ 
Iniciando backup externo: 12/07/2026  3:00:02,07 
Copiando banco de dados principal... 
        1 file(s) copied.
[OK] Banco principal copiado 
Copiando backups diarios... 
19 File(s) copied
[OK] Backups diarios copiados 
Limpando arquivos antigos no destino... 
[OK] Backup externo concluido com sucesso 
 
============================================ 
Iniciando backup externo: 13/07/2026  3:00:02,09 
Copiando banco de dados principal... 
        1 file(s) copied.
[OK] Banco principal copiado 
Copiando backups diarios... 
19 File(s) copied
[OK] Backups diarios copiados 
Limpando arquivos antigos no destino... 
[OK] Backup externo concluido com sucesso 
 
============================================ 
Iniciando backup externo: 14/07/2026  3:00:02,62 
Copiando banco de dados principal... 
        1 file(s) copied.
[OK] Banco principal copiado 
Copiando backups diarios... 
19 File(s) copied
[OK] Backups diarios copiados 
Limpando arquivos antigos no destino... 
[OK] Backup externo concluido com sucesso 
 
============================================ 
Iniciando backup externo: 15/07/2026  3:00:01,90 
Copiando banco de dados principal... 
        1 file(s) copied.
[OK] Banco principal copiado 
Copiando backups diarios... 
19 File(s) copied
[OK] Backups diarios copiados 
Limpando arquivos antigos no destino... 
[OK] Backup externo concluido com sucesso 
 
============================================ 
Iniciando backup externo: 16/07/2026  3:00:02,41 
Copiando banco de dados principal... 
        1 file(s) copied.
[OK] Banco principal copiado 
Copiando backups diarios... 
19 File(s) copied
[OK] Backups diarios copiados 
Limpando arquivos antigos no destino... 
[OK] Backup externo concluido com sucesso 
 
============================================ 
Iniciando backup externo: 17/07/2026  3:00:01,98 
Copiando banco de dados principal... 
        1 file(s) copied.
[OK] Banco principal copiado 
Copiando backups diarios... 
19 File(s) copied
[OK] Backups diarios copiados 
Limpando arquivos antigos no destino... 
[OK] Backup externo concluido com sucesso 
 
============================================ 
Iniciando backup externo: 18/07/2026  3:00:02,41 
Copiando banco de dados principal... 
        1 file(s) copied.
[OK] Banco principal copiado 
Copiando backups diarios... 
19 File(s) copied
[OK] Backups diarios copiados 
Limpando arquivos antigos no destino... 
[OK] Backup externo concluido com sucesso 
 
============================================ 
Iniciando backup externo: 18/07/2026 11:11:56,63 
Copiando banco de dados principal... 
        1 arquivo(s) copiado(s).
[OK] Banco principal copiado 
Copiando backups diarios... 
19 arquivo(s) copiado(s)
[OK] Backups diarios copiados 
Limpando arquivos antigos no destino... 
[OK] Backup externo concluido com sucesso 
 
============================================ 
Iniciando backup externo: 18/07/2026 11:22:18,00 
Copiando banco de dados principal... 
        1 arquivo(s) copiado(s).
[OK] Banco principal copiado 
Copiando backups diarios... 
22 arquivo(s) copiado(s)
[OK] Backups diarios copiados 
Limpando arquivos antigos no destino... 
[OK] Backup externo concluido com sucesso 
 
============================================ 
Iniciando backup externo: 19/07/2026  3:00:02,18 
Copiando banco de dados principal... 
        1 file(s) copied.
[OK] Banco principal copiado 
Copiando backups diarios... 
22 File(s) copied
[OK] Backups diarios copiados 
Limpando arquivos antigos no destino... 
[OK] Backup externo concluido com sucesso 
 
============================================ 
Iniciando backup externo: 20/07/2026  3:00:02,53 
Copiando banco de dados principal... 
        1 file(s) copied.
[OK] Banco principal copiado 
Copiando backups diarios... 
22 File(s) copied
[OK] Backups diarios copiados 
Limpando arquivos antigos no destino... 
[OK] Backup externo concluido com sucesso 
 
============================================ 
Iniciando backup externo: 21/07/2026  3:00:01,33 
Copiando banco de dados principal... 
        1 file(s) copied.
[OK] Banco principal copiado 
Copiando backups diarios... 
23 File(s) copied
[OK] Backups diarios copiados 
Limpando arquivos antigos no destino... 
[OK] Backup externo concluido com sucesso 
 
============================================ 
Iniciando backup externo: 22/07/2026  3:00:01,92 
Copiando banco de dados principal... 
        1 file(s) copied.
[OK] Banco principal copiado 
Copiando backups diarios... 
23 File(s) copied
[OK] Backups diarios copiados 
Limpando arquivos antigos no destino... 
[OK] Backup externo concluido com sucesso 
 
============================================ 
Iniciando backup externo: 23/07/2026  3:00:01,64 
Copiando banco de dados principal... 
        1 file(s) copied.
[OK] Banco principal copiado 
Copiando backups diarios... 
23 File(s) copied
[OK] Backups diarios copiados 
Limpando arquivos antigos no destino... 
[OK] Backup externo concluido com sucesso 
 
============================================ 
Iniciando backup externo: 23/07/2026 11:11:33,51 
Copiando banco de dados principal... 
        1 arquivo(s) copiado(s).
[OK] Banco principal copiado 
Copiando backups diarios... 
24 arquivo(s) copiado(s)
[OK] Backups diarios copiados 
Limpando arquivos antigos no destino... 
[OK] Backup externo concluido com sucesso 
 
============================================ 
Iniciando backup externo: 24/07/2026  3:00:01,67 
Copiando banco de dados principal... 
        1 file(s) copied.
[OK] Banco principal copiado 
Copiando backups diarios... 
24 File(s) copied
[OK] Backups diarios copiados 
Limpando arquivos antigos no destino... 
[OK] Backup externo concluido com sucesso 
 
============================================ 
Iniciando backup externo: 25/07/2026  3:00:01,78 
Copiando banco de dados principal... 
        1 file(s) copied.
[OK] Banco principal copiado 
Copiando backups diarios... 
24 File(s) copied
[OK] Backups diarios copiados 
Limpando arquivos antigos no destino... 
[OK] Backup externo concluido com sucesso 
 
============================================ 
Iniciando backup externo: 26/07/2026  3:00:01,55 
Copiando banco de dados principal... 
        1 file(s) copied.
[OK] Banco principal copiado 
Copiando backups diarios... 
25 File(s) copied
[OK] Backups diarios copiados 
Limpando arquivos antigos no destino... 
[OK] Backup externo concluido com sucesso 
 
============================================ 
Iniciando backup externo: 27/07/2026  3:00:02,14 
Copiando banco de dados principal... 
        1 file(s) copied.
[OK] Banco principal copiado 
Copiando backups diarios... 
25 File(s) copied
[OK] Backups diarios copiados 
Limpando arquivos antigos no destino... 
[OK] Backup externo concluido com sucesso 
 
============================================ 
Iniciando backup externo: 28/07/2026  3:00:01,93 
Copiando banco de dados principal... 
        1 file(s) copied.
[OK] Banco principal copiado 
Copiando backups diarios... 
25 File(s) copied
[OK] Backups diarios copiados 
Limpando arquivos antigos no destino... 
[OK] Backup externo concluido com sucesso 
 
============================================ 
Iniciando backup externo: 29/07/2026  3:00:01,96 
Copiando banco de dados principal... 
        1 file(s) copied.
[OK] Banco principal copiado 
Copiando backups diarios... 
26 File(s) copied
[OK] Backups diarios copiados 
Limpando arquivos antigos no destino... 
[OK] Removido arquivo antigo: estoque_2026-06-15_14-24-35_automatico.db 
[OK] Removido arquivo antigo: estoque_2026-06-15_14-25-05_manual.db 
[OK] Backup externo concluido com sucesso 
 
============================================ 
Iniciando backup externo: 30/07/2026  3:00:02,15 
Copiando banco de dados principal... 
        1 file(s) copied.
[OK] Banco principal copiado 
Copiando backups diarios... 
26 File(s) copied
[OK] Backups diarios copiados 
Limpando arquivos antigos no destino... 
[OK] Removido arquivo antigo: estoque_2026-06-16_10-41-01_automatico.db 
[OK] Removido arquivo antigo: estoque_2026-06-15_14-24-35_automatico.db 
[OK] Removido arquivo antigo: estoque_2026-06-15_14-25-05_manual.db 
[OK] Backup externo concluido com sucesso 
 
============================================ 
Iniciando backup externo: 31/07/2026  3:00:02,99 
Copiando banco de dados principal... 
        1 file(s) copied.
[OK] Banco principal copiado 
Copiando backups diarios... 
26 File(s) copied
[OK] Backups diarios copiados 
Limpando arquivos antigos no destino... 
[OK] Removido arquivo antigo: estoque_2026-06-17_10-55-13_automatico.db 
[OK] Removido arquivo antigo: estoque_2026-06-16_10-41-01_automatico.db 
[OK] Removido arquivo antigo: estoque_2026-06-15_14-24-35_automatico.db 
[OK] Removido arquivo antigo: estoque_2026-06-15_14-25-05_manual.db 
[OK] Backup externo concluido com sucesso 
 
============================================ 
Iniciando backup externo: 01/08/2026  3:00:01,33 
Copiando banco de dados principal... 
        1 file(s) copied.
[OK] Banco principal copiado 
Copiando backups diarios... 
26 File(s) copied
[OK] Backups diarios copiados 
Limpando arquivos antigos no destino... 
[OK] Removido arquivo antigo: estoque_2026-06-19_17-49-04_automatico.db 
[OK] Removido arquivo antigo: estoque_2026-06-17_10-55-13_automatico.db 
[OK] Removido arquivo antigo: estoque_2026-06-16_10-41-01_automatico.db 
[OK] Removido arquivo antigo: estoque_2026-06-15_14-24-35_automatico.db 
[OK] Removido arquivo antigo: estoque_2026-06-15_14-25-05_manual.db 
[OK] Backup externo concluido com sucesso 
 
============================================ 
Iniciando backup externo: 02/08/2026  3:00:02,18 
Copiando banco de dados principal... 
        1 file(s) copied.
[OK] Banco principal copiado 
Copiando backups diarios... 
26 File(s) copied
[OK] Backups diarios copiados 
Limpando arquivos antigos no destino... 
[OK] Removido arquivo antigo: estoque_2026-06-20_00-05-06_automatico.db 
[OK] Removido arquivo antigo: estoque_2026-06-19_17-49-04_automatico.db 
[OK] Removido arquivo antigo: estoque_2026-06-17_10-55-13_automatico.db 
[OK] Removido arquivo antigo: estoque_2026-06-16_10-41-01_automatico.db 
[OK] Removido arquivo antigo: estoque_2026-06-15_14-24-35_automatico.db 
[OK] Removido arquivo antigo: estoque_2026-06-15_14-25-05_manual.db 
[OK] Backup externo concluido com sucesso 
 
============================================ 
Iniciando backup externo: 03/08/2026  3:00:02,16 
Copiando banco de dados principal... 
        1 file(s) copied.
[OK] Banco principal copiado 
Copiando backups diarios... 
26 File(s) copied
[OK] Backups diarios copiados 
Limpando arquivos antigos no destino... 
[OK] Removido arquivo antigo: estoque_2026-06-21_23-12-40_automatico.db 
[OK] Removido arquivo antigo: estoque_2026-06-20_00-05-06_automatico.db 
[OK] Removido arquivo antigo: estoque_2026-06-19_17-49-04_automatico.db 
[OK] Removido arquivo antigo: estoque_2026-06-17_10-55-13_automatico.db 
[OK] Removido arquivo antigo: estoque_2026-06-16_10-41-01_automatico.db 
[OK] Removido arquivo antigo: estoque_2026-06-15_14-24-35_automatico.db 
[OK] Removido arquivo antigo: estoque_2026-06-15_14-25-05_manual.db 
[OK] Backup externo concluido com sucesso 
 
============================================ 
Iniciando backup externo: 04/08/2026  3:00:02,35 
Copiando banco de dados principal... 
        1 file(s) copied.
[OK] Banco principal copiado 
Copiando backups diarios... 
27 File(s) copied
[OK] Backups diarios copiados 
Limpando arquivos antigos no destino... 
[OK] Removido arquivo antigo: estoque_2026-06-23_11-09-14_automatico.db 
[OK] Removido arquivo antigo: estoque_2026-06-22_21-40-50_automatico.db 
[OK] Removido arquivo antigo: estoque_2026-06-21_23-12-40_automatico.db 
[OK] Removido arquivo antigo: estoque_2026-06-20_00-05-06_automatico.db 
[OK] Removido arquivo antigo: estoque_2026-06-19_17-49-04_automatico.db 
[OK] Removido arquivo antigo: estoque_2026-06-17_10-55-13_automatico.db 
[OK] Removido arquivo antigo: estoque_2026-06-16_10-41-01_automatico.db 
[OK] Removido arquivo antigo: estoque_2026-06-15_14-24-35_automatico.db 
[OK] Removido arquivo antigo: estoque_2026-06-15_14-25-05_manual.db 
[OK] Backup externo concluido com sucesso 
 
============================================ 
Iniciando backup externo: 04/08/2026 11:23:09,31 
Copiando banco de dados principal... 
        1 arquivo(s) copiado(s).
[OK] Banco principal copiado 
Copiando backups diarios... 
28 arquivo(s) copiado(s)
[OK] Backups diarios copiados 
Limpando arquivos antigos no destino... 
[OK] Removido arquivo antigo: estoque_2026-06-24_11-14-41_automatico.db 
[OK] Removido arquivo antigo: estoque_2026-06-23_17-54.db 
[OK] Removido arquivo antigo: estoque_2026-06-23_11-09-14_automatico.db 
[OK] Removido arquivo antigo: estoque_2026-06-22_21-40-50_automatico.db 
[OK] Removido arquivo antigo: estoque_2026-06-21_23-12-40_automatico.db 
[OK] Removido arquivo antigo: estoque_2026-06-20_00-05-06_automatico.db 
[OK] Removido arquivo antigo: estoque_2026-06-19_17-49-04_automatico.db 
[OK] Removido arquivo antigo: estoque_2026-06-17_10-55-13_automatico.db 
[OK] Removido arquivo antigo: estoque_2026-06-16_10-41-01_automatico.db 
[OK] Removido arquivo antigo: estoque_2026-06-15_14-24-35_automatico.db 
[OK] Removido arquivo antigo: estoque_2026-06-15_14-25-05_manual.db 
[OK] Backup externo concluido com sucesso 
 
============================================ 
Iniciando backup externo: 05/08/2026  3:00:02,20 
Copiando banco de dados principal... 
        1 file(s) copied.
[OK] Banco principal copiado 
Copiando backups diarios... 
28 File(s) copied
[OK] Backups diarios copiados 
Limpando arquivos antigos no destino... 
[OK] Removido arquivo antigo: estoque_2026-06-25_11-22-54_automatico.db 
[OK] Removido arquivo antigo: estoque_2026-06-24_11-14-41_automatico.db 
[OK] Removido arquivo antigo: estoque_2026-06-23_11-09-14_automatico.db 
[OK] Removido arquivo antigo: estoque_2026-06-22_21-40-50_automatico.db 
[OK] Removido arquivo antigo: estoque_2026-06-21_23-12-40_automatico.db 
[OK] Removido arquivo antigo: estoque_2026-06-20_00-05-06_automatico.db 
[OK] Removido arquivo antigo: estoque_2026-06-19_17-49-04_automatico.db 
[OK] Removido arquivo antigo: estoque_2026-06-17_10-55-13_automatico.db 
[OK] Removido arquivo antigo: estoque_2026-06-16_10-41-01_automatico.db 
[OK] Removido arquivo antigo: estoque_2026-06-15_14-24-35_automatico.db 
[OK] Removido arquivo antigo: estoque_2026-06-15_14-25-05_manual.db 
[OK] Backup externo concluido com sucesso 
 
============================================ 
Iniciando backup externo: 06/08/2026  3:00:01,25 
Copiando banco de dados principal... 
        1 file(s) copied.
[OK] Banco principal copiado 
Copiando backups diarios... 
28 File(s) copied
[OK] Backups diarios copiados 
Limpando arquivos antigos no destino... 
[OK] Removido arquivo antigo: estoque_2026-06-26_11-05-22_automatico.db 
[OK] Removido arquivo antigo: estoque_2026-06-25_11-22-54_automatico.db 
[OK] Removido arquivo antigo: estoque_2026-06-24_11-14-41_automatico.db 
[OK] Removido arquivo antigo: estoque_2026-06-23_11-09-14_automatico.db 
[OK] Removido arquivo antigo: estoque_2026-06-22_21-40-50_automatico.db 
[OK] Removido arquivo antigo: estoque_2026-06-21_23-12-40_automatico.db 
[OK] Removido arquivo antigo: estoque_2026-06-20_00-05-06_automatico.db 
[OK] Removido arquivo antigo: estoque_2026-06-19_17-49-04_automatico.db 
[OK] Removido arquivo antigo: estoque_2026-06-17_10-55-13_automatico.db 
[OK] Removido arquivo antigo: estoque_2026-06-16_10-41-01_automatico.db 
[OK] Removido arquivo antigo: estoque_2026-06-15_14-24-35_automatico.db 
[OK] Removido arquivo antigo: estoque_2026-06-15_14-25-05_manual.db 
[OK] Backup externo concluido com sucesso 
 
============================================ 
Iniciando backup externo: 07/08/2026  3:00:01,92 
Copiando banco de dados principal... 
        1 file(s) copied.
[OK] Banco principal copiado 
Copiando backups diarios... 
29 File(s) copied
[OK] Backups diarios copiados 
Limpando arquivos antigos no destino... 
[OK] Removido arquivo antigo: estoque_2026-06-30_12-01-58_manual.db 
[OK] Removido arquivo antigo: estoque_2026-06-27_18-18-39_manual.db 
[OK] Removido arquivo antigo: estoque_2026-06-26_11-05-22_automatico.db 
[OK] Removido arquivo antigo: estoque_2026-06-25_11-22-54_automatico.db 
[OK] Removido arquivo antigo: estoque_2026-06-24_11-14-41_automatico.db 
[OK] Removido arquivo antigo: estoque_2026-06-23_11-09-14_automatico.db 
[OK] Removido arquivo antigo: estoque_2026-06-22_21-40-50_automatico.db 
[OK] Removido arquivo antigo: estoque_2026-06-21_23-12-40_automatico.db 
[OK] Removido arquivo antigo: estoque_2026-06-20_00-05-06_automatico.db 
[OK] Removido arquivo antigo: estoque_2026-06-19_17-49-04_automatico.db 
[OK] Removido arquivo antigo: estoque_2026-06-17_10-55-13_automatico.db 
[OK] Removido arquivo antigo: estoque_2026-06-16_10-41-01_automatico.db 
[OK] Removido arquivo antigo: estoque_2026-06-15_14-24-35_automatico.db 
[OK] Removido arquivo antigo: estoque_2026-06-15_14-25-05_manual.db 
[OK] Backup externo concluido com sucesso 
 
============================================ 
Iniciando backup externo: 08/08/2026  3:00:02,45 
Copiando banco de dados principal... 
        1 file(s) copied.
[OK] Banco principal copiado 
Copiando backups diarios... 
29 File(s) copied
[OK] Backups diarios copiados 
Limpando arquivos antigos no destino... 
[OK] Removido arquivo antigo: estoque_2026-06-30_12-01.db 
[OK] Removido arquivo antigo: estoque_2026-06-30_12-01-58_manual.db 
[OK] Removido arquivo antigo: estoque_2026-06-27_18-18-39_manual.db 
[OK] Removido arquivo antigo: estoque_2026-06-26_11-05-22_automatico.db 
[OK] Removido arquivo antigo: estoque_2026-06-25_11-22-54_automatico.db 
[OK] Removido arquivo antigo: estoque_2026-06-24_11-14-41_automatico.db 
[OK] Removido arquivo antigo: estoque_2026-06-23_11-09-14_automatico.db 
[OK] Removido arquivo antigo: estoque_2026-06-22_21-40-50_automatico.db 
[OK] Removido arquivo antigo: estoque_2026-06-21_23-12-40_automatico.db 
[OK] Removido arquivo antigo: estoque_2026-06-20_00-05-06_automatico.db 
[OK] Removido arquivo antigo: estoque_2026-06-19_17-49-04_automatico.db 
[OK] Removido arquivo antigo: estoque_2026-06-17_10-55-13_automatico.db 
[OK] Removido arquivo antigo: estoque_2026-06-16_10-41-01_automatico.db 
[OK] Removido arquivo antigo: estoque_2026-06-15_14-24-35_automatico.db 
[OK] Removido arquivo antigo: estoque_2026-06-15_14-25-05_manual.db 
[OK] Backup externo concluido com sucesso 
 
============================================ 
Iniciando backup externo: 09/08/2026  3:00:01,83 
Copiando banco de dados principal... 
        1 file(s) copied.
[OK] Banco principal copiado 
Copiando backups diarios... 
29 File(s) copied
[OK] Backups diarios copiados 
Limpando arquivos antigos no destino... 
[OK] Removido arquivo antigo: estoque_2026-06-30_12-02-59_manual.db 
[OK] Removido arquivo antigo: estoque_2026-06-30_12-01-58_manual.db 
[OK] Removido arquivo antigo: estoque_2026-06-27_18-18-39_manual.db 
[OK] Removido arquivo antigo: estoque_2026-06-26_11-05-22_automatico.db 
[OK] Removido arquivo antigo: estoque_2026-06-25_11-22-54_automatico.db 
[OK] Removido arquivo antigo: estoque_2026-06-24_11-14-41_automatico.db 
[OK] Removido arquivo antigo: estoque_2026-06-23_11-09-14_automatico.db 
[OK] Removido arquivo antigo: estoque_2026-06-22_21-40-50_automatico.db 
[OK] Removido arquivo antigo: estoque_2026-06-21_23-12-40_automatico.db 
[OK] Removido arquivo antigo: estoque_2026-06-20_00-05-06_automatico.db 
[OK] Removido arquivo antigo: estoque_2026-06-19_17-49-04_automatico.db 
[OK] Removido arquivo antigo: estoque_2026-06-17_10-55-13_automatico.db 
[OK] Removido arquivo antigo: estoque_2026-06-16_10-41-01_automatico.db 
[OK] Removido arquivo antigo: estoque_2026-06-15_14-24-35_automatico.db 
[OK] Removido arquivo antigo: estoque_2026-06-15_14-25-05_manual.db 
[OK] Backup externo concluido com sucesso 
 
============================================ 
Iniciando backup externo: 10/08/2026  3:00:02,51 
Copiando banco de dados principal... 
        1 file(s) copied.
[OK] Banco principal copiado 
Copiando backups diarios... 
29 File(s) copied
[OK] Backups diarios copiados 
Limpando arquivos antigos no destino... 
[OK] Removido arquivo antigo: estoque_2026-06-30_12-02.db 
[OK] Removido arquivo antigo: estoque_2026-06-30_12-02-59_manual.db 
[OK] Removido arquivo antigo: estoque_2026-06-30_12-01-58_manual.db 
[OK] Removido arquivo antigo: estoque_2026-06-27_18-18-39_manual.db 
[OK] Removido arquivo antigo: estoque_2026-06-26_11-05-22_automatico.db 
[OK] Removido arquivo antigo: estoque_2026-06-25_11-22-54_automatico.db 
[OK] Removido arquivo antigo: estoque_2026-06-24_11-14-41_automatico.db 
[OK] Removido arquivo antigo: estoque_2026-06-23_11-09-14_automatico.db 
[OK] Removido arquivo antigo: estoque_2026-06-22_21-40-50_automatico.db 
[OK] Removido arquivo antigo: estoque_2026-06-21_23-12-40_automatico.db 
[OK] Removido arquivo antigo: estoque_2026-06-20_00-05-06_automatico.db 
[OK] Removido arquivo antigo: estoque_2026-06-19_17-49-04_automatico.db 
[OK] Removido arquivo antigo: estoque_2026-06-17_10-55-13_automatico.db 
[OK] Removido arquivo antigo: estoque_2026-06-16_10-41-01_automatico.db 
[OK] Removido arquivo antigo: estoque_2026-06-15_14-24-35_automatico.db 
[OK] Removido arquivo antigo: estoque_2026-06-15_14-25-05_manual.db 
[OK] Backup externo concluido com sucesso 
 
============================================ 
Iniciando backup externo: 11/08/2026  3:00:01,42 
Copiando banco de dados principal... 
        1 file(s) copied.
[OK] Banco principal copiado 
Copiando backups diarios... 
29 File(s) copied
[OK] Backups diarios copiados 
Limpando arquivos antigos no destino... 
[OK] Removido arquivo antigo: estoque_2026-06-30_12-04-21_automatico.db 
[OK] Removido arquivo antigo: estoque_2026-06-30_12-02-59_manual.db 
[OK] Removido arquivo antigo: estoque_2026-06-30_12-01-58_manual.db 
[OK] Removido arquivo antigo: estoque_2026-06-27_18-18-39_manual.db 
[OK] Removido arquivo antigo: estoque_2026-06-26_11-05-22_automatico.db 
[OK] Removido arquivo antigo: estoque_2026-06-25_11-22-54_automatico.db 
[OK] Removido arquivo antigo: estoque_2026-06-24_11-14-41_automatico.db 
[OK] Removido arquivo antigo: estoque_2026-06-23_11-09-14_automatico.db 
[OK] Removido arquivo antigo: estoque_2026-06-22_21-40-50_automatico.db 
[OK] Removido arquivo antigo: estoque_2026-06-21_23-12-40_automatico.db 
[OK] Removido arquivo antigo: estoque_2026-06-20_00-05-06_automatico.db 
[OK] Removido arquivo antigo: estoque_2026-06-19_17-49-04_automatico.db 
[OK] Removido arquivo antigo: estoque_2026-06-17_10-55-13_automatico.db 
[OK] Removido arquivo antigo: estoque_2026-06-16_10-41-01_automatico.db 
[OK] Removido arquivo antigo: estoque_2026-06-15_14-24-35_automatico.db 
[OK] Removido arquivo antigo: estoque_2026-06-15_14-25-05_manual.db 
[OK] Backup externo concluido com sucesso 
 
============================================ 
Iniciando backup externo: 11/08/2026 12:05:44,89 
Copiando banco de dados principal... 
        1 arquivo(s) copiado(s).
[OK] Banco principal copiado 
Copiando backups diarios... 
30 arquivo(s) copiado(s)
[OK] Backups diarios copiados 
Limpando arquivos antigos no destino... 
[OK] Removido arquivo antigo: estoque_2026-07-02_03-00.db 
[OK] Removido arquivo antigo: estoque_2026-07-01_03-00.db 
[OK] Removido arquivo antigo: estoque_2026-06-30_12-04-21_automatico.db 
[OK] Removido arquivo antigo: estoque_2026-06-30_12-02-59_manual.db 
[OK] Removido arquivo antigo: estoque_2026-06-30_12-01-58_manual.db 
[OK] Removido arquivo antigo: estoque_2026-06-27_18-18-39_manual.db 
[OK] Removido arquivo antigo: estoque_2026-06-26_11-05-22_automatico.db 
[OK] Removido arquivo antigo: estoque_2026-06-25_11-22-54_automatico.db 
[OK] Removido arquivo antigo: estoque_2026-06-24_11-14-41_automatico.db 
[OK] Removido arquivo antigo: estoque_2026-06-23_11-09-14_automatico.db 
[OK] Removido arquivo antigo: estoque_2026-06-22_21-40-50_automatico.db 
[OK] Removido arquivo antigo: estoque_2026-06-21_23-12-40_automatico.db 
[OK] Removido arquivo antigo: estoque_2026-06-20_00-05-06_automatico.db 
[OK] Removido arquivo antigo: estoque_2026-06-19_17-49-04_automatico.db 
[OK] Removido arquivo antigo: estoque_2026-06-17_10-55-13_automatico.db 
[OK] Removido arquivo antigo: estoque_2026-06-16_10-41-01_automatico.db 
[OK] Removido arquivo antigo: estoque_2026-06-15_14-24-35_automatico.db 
[OK] Removido arquivo antigo: estoque_2026-06-15_14-25-05_manual.db 
[OK] Backup externo concluido com sucesso 
 
============================================ 
Iniciando backup externo: 12/08/2026  3:00:01,45 
Copiando banco de dados principal... 
        1 file(s) copied.
[OK] Banco principal copiado 
Copiando backups diarios... 
30 File(s) copied
[OK] Backups diarios copiados 
Limpando arquivos antigos no destino... 
[OK] Removido arquivo antigo: estoque_2026-07-03_03-00.db 
[OK] Removido arquivo antigo: estoque_2026-06-30_12-04-21_automatico.db 
[OK] Removido arquivo antigo: estoque_2026-06-30_12-01-58_manual.db 
[OK] Removido arquivo antigo: estoque_2026-06-30_12-02-59_manual.db 
[OK] Removido arquivo antigo: estoque_2026-06-27_18-18-39_manual.db 
[OK] Removido arquivo antigo: estoque_2026-06-26_11-05-22_automatico.db 
[OK] Removido arquivo antigo: estoque_2026-06-25_11-22-54_automatico.db 
[OK] Removido arquivo antigo: estoque_2026-06-24_11-14-41_automatico.db 
[OK] Removido arquivo antigo: estoque_2026-06-23_11-09-14_automatico.db 
[OK] Removido arquivo antigo: estoque_2026-06-22_21-40-50_automatico.db 
[OK] Removido arquivo antigo: estoque_2026-06-21_23-12-40_automatico.db 
[OK] Removido arquivo antigo: estoque_2026-06-20_00-05-06_automatico.db 
[OK] Removido arquivo antigo: estoque_2026-06-19_17-49-04_automatico.db 
[OK] Removido arquivo antigo: estoque_2026-06-17_10-55-13_automatico.db 
[OK] Removido arquivo antigo: estoque_2026-06-16_10-41-01_automatico.db 
[OK] Removido arquivo antigo: estoque_2026-06-15_14-24-35_automatico.db 
[OK] Removido arquivo antigo: estoque_2026-06-15_14-25-05_manual.db 
[OK] Backup externo concluido com sucesso 
 
============================================ 
Iniciando backup externo: 13/08/2026  3:00:03,16 
Copiando banco de dados principal... 
        1 file(s) copied.
[OK] Banco principal copiado 
Copiando backups diarios... 
30 File(s) copied
[OK] Backups diarios copiados 
Limpando arquivos antigos no destino... 
[OK] Removido arquivo antigo: estoque_2026-07-03_18-03.db 
[OK] Removido arquivo antigo: estoque_2026-06-30_12-04-21_automatico.db 
[OK] Removido arquivo antigo: estoque_2026-06-30_12-02-59_manual.db 
[OK] Removido arquivo antigo: estoque_2026-06-30_12-01-58_manual.db 
[OK] Removido arquivo antigo: estoque_2026-06-27_18-18-39_manual.db 
[OK] Removido arquivo antigo: estoque_2026-06-26_11-05-22_automatico.db 
[OK] Removido arquivo antigo: estoque_2026-06-25_11-22-54_automatico.db 
[OK] Removido arquivo antigo: estoque_2026-06-24_11-14-41_automatico.db 
[OK] Removido arquivo antigo: estoque_2026-06-23_11-09-14_automatico.db 
[OK] Removido arquivo antigo: estoque_2026-06-22_21-40-50_automatico.db 
[OK] Removido arquivo antigo: estoque_2026-06-21_23-12-40_automatico.db 
[OK] Removido arquivo antigo: estoque_2026-06-20_00-05-06_automatico.db 
[OK] Removido arquivo antigo: estoque_2026-06-19_17-49-04_automatico.db 
[OK] Removido arquivo antigo: estoque_2026-06-17_10-55-13_automatico.db 
[OK] Removido arquivo antigo: estoque_2026-06-16_10-41-01_automatico.db 
[OK] Removido arquivo antigo: estoque_2026-06-15_14-24-35_automatico.db 
[OK] Removido arquivo antigo: estoque_2026-06-15_14-25-05_manual.db 
[OK] Backup externo concluido com sucesso 
 
============================================ 
Iniciando backup externo: 14/08/2026  3:00:03,34 
Copiando banco de dados principal... 
        1 file(s) copied.
[OK] Banco principal copiado 
Copiando backups diarios... 
30 File(s) copied
[OK] Backups diarios copiados 
Limpando arquivos antigos no destino... 
[OK] Removido arquivo antigo: estoque_2026-07-03_18-01-36_manual.db 
[OK] Removido arquivo antigo: estoque_2026-06-30_12-04-21_automatico.db 
[OK] Removido arquivo antigo: estoque_2026-06-30_12-02-59_manual.db 
[OK] Removido arquivo antigo: estoque_2026-06-30_12-01-58_manual.db 
[OK] Removido arquivo antigo: estoque_2026-06-27_18-18-39_manual.db 
[OK] Removido arquivo antigo: estoque_2026-06-26_11-05-22_automatico.db 
[OK] Removido arquivo antigo: estoque_2026-06-25_11-22-54_automatico.db 
[OK] Removido arquivo antigo: estoque_2026-06-24_11-14-41_automatico.db 
[OK] Removido arquivo antigo: estoque_2026-06-23_11-09-14_automatico.db 
[OK] Removido arquivo antigo: estoque_2026-06-22_21-40-50_automatico.db 
[OK] Removido arquivo antigo: estoque_2026-06-21_23-12-40_automatico.db 
[OK] Removido arquivo antigo: estoque_2026-06-20_00-05-06_automatico.db 
[OK] Removido arquivo antigo: estoque_2026-06-19_17-49-04_automatico.db 
[OK] Removido arquivo antigo: estoque_2026-06-17_10-55-13_automatico.db 
[OK] Removido arquivo antigo: estoque_2026-06-16_10-41-01_automatico.db 
[OK] Removido arquivo antigo: estoque_2026-06-15_14-24-35_automatico.db 
[OK] Removido arquivo antigo: estoque_2026-06-15_14-25-05_manual.db 
[OK] Backup externo concluido com sucesso 
 
============================================ 
Iniciando backup externo: 15/08/2026  3:00:01,89 
Copiando banco de dados principal... 
        1 file(s) copied.
[OK] Banco principal copiado 
Copiando backups diarios... 
30 File(s) copied
[OK] Backups diarios copiados 
Limpando arquivos antigos no destino... 
[OK] Removido arquivo antigo: estoque_2026-07-04_03-00.db 
[OK] Removido arquivo antigo: estoque_2026-07-03_18-01-36_manual.db 
[OK] Removido arquivo antigo: estoque_2026-06-30_12-04-21_automatico.db 
[OK] Removido arquivo antigo: estoque_2026-06-30_12-02-59_manual.db 
[OK] Removido arquivo antigo: estoque_2026-06-30_12-01-58_manual.db 
[OK] Removido arquivo antigo: estoque_2026-06-27_18-18-39_manual.db 
[OK] Removido arquivo antigo: estoque_2026-06-26_11-05-22_automatico.db 
[OK] Removido arquivo antigo: estoque_2026-06-25_11-22-54_automatico.db 
[OK] Removido arquivo antigo: estoque_2026-06-24_11-14-41_automatico.db 
[OK] Removido arquivo antigo: estoque_2026-06-23_11-09-14_automatico.db 
[OK] Removido arquivo antigo: estoque_2026-06-22_21-40-50_automatico.db 
[OK] Removido arquivo antigo: estoque_2026-06-21_23-12-40_automatico.db 
[OK] Removido arquivo antigo: estoque_2026-06-20_00-05-06_automatico.db 
[OK] Removido arquivo antigo: estoque_2026-06-19_17-49-04_automatico.db 
[OK] Removido arquivo antigo: estoque_2026-06-17_10-55-13_automatico.db 
[OK] Removido arquivo antigo: estoque_2026-06-16_10-41-01_automatico.db 
[OK] Removido arquivo antigo: estoque_2026-06-15_14-24-35_automatico.db 
[OK] Removido arquivo antigo: estoque_2026-06-15_14-25-05_manual.db 
[OK] Backup externo concluido com sucesso 
 
============================================ 
Iniciando backup externo: 16/08/2026  3:00:01,95 
Copiando banco de dados principal... 
        1 file(s) copied.
[OK] Banco principal copiado 
Copiando backups diarios... 
30 File(s) copied
[OK] Backups diarios copiados 
Limpando arquivos antigos no destino... 
[OK] Removido arquivo antigo: estoque_2026-07-04_10-48-36_automatico.db 
[OK] Removido arquivo antigo: estoque_2026-07-03_18-01-36_manual.db 
[OK] Removido arquivo antigo: estoque_2026-06-30_12-04-21_automatico.db 
[OK] Removido arquivo antigo: estoque_2026-06-30_12-01-58_manual.db 
[OK] Removido arquivo antigo: estoque_2026-06-30_12-02-59_manual.db 
[OK] Removido arquivo antigo: estoque_2026-06-27_18-18-39_manual.db 
[OK] Removido arquivo antigo: estoque_2026-06-26_11-05-22_automatico.db 
[OK] Removido arquivo antigo: estoque_2026-06-25_11-22-54_automatico.db 
[OK] Removido arquivo antigo: estoque_2026-06-24_11-14-41_automatico.db 
[OK] Removido arquivo antigo: estoque_2026-06-23_11-09-14_automatico.db 
[OK] Removido arquivo antigo: estoque_2026-06-22_21-40-50_automatico.db 
[OK] Removido arquivo antigo: estoque_2026-06-21_23-12-40_automatico.db 
[OK] Removido arquivo antigo: estoque_2026-06-20_00-05-06_automatico.db 
[OK] Removido arquivo antigo: estoque_2026-06-19_17-49-04_automatico.db 
[OK] Removido arquivo antigo: estoque_2026-06-17_10-55-13_automatico.db 
[OK] Removido arquivo antigo: estoque_2026-06-16_10-41-01_automatico.db 
[OK] Removido arquivo antigo: estoque_2026-06-15_14-24-35_automatico.db 
[OK] Removido arquivo antigo: estoque_2026-06-15_14-25-05_manual.db 
[OK] Backup externo concluido com sucesso 
 
============================================ 
Iniciando backup externo: 17/08/2026  3:00:02,13 
Copiando banco de dados principal... 
        1 file(s) copied.
[OK] Banco principal copiado 
Copiando backups diarios... 
30 File(s) copied
[OK] Backups diarios copiados 
Limpando arquivos antigos no destino... 
[OK] Removido arquivo antigo: estoque_2026-07-06_03-00.db 
[OK] Removido arquivo antigo: estoque_2026-07-04_10-48-36_automatico.db 
[OK] Removido arquivo antigo: estoque_2026-07-03_18-01-36_manual.db 
[OK] Removido arquivo antigo: estoque_2026-06-30_12-04-21_automatico.db 
[OK] Removido arquivo antigo: estoque_2026-06-30_12-01-58_manual.db 
[OK] Removido arquivo antigo: estoque_2026-06-30_12-02-59_manual.db 
[OK] Removido arquivo antigo: estoque_2026-06-27_18-18-39_manual.db 
[OK] Removido arquivo antigo: estoque_2026-06-26_11-05-22_automatico.db 
[OK] Removido arquivo antigo: estoque_2026-06-25_11-22-54_automatico.db 
[OK] Removido arquivo antigo: estoque_2026-06-24_11-14-41_automatico.db 
[OK] Removido arquivo antigo: estoque_2026-06-23_11-09-14_automatico.db 
[OK] Removido arquivo antigo: estoque_2026-06-22_21-40-50_automatico.db 
[OK] Removido arquivo antigo: estoque_2026-06-21_23-12-40_automatico.db 
[OK] Removido arquivo antigo: estoque_2026-06-20_00-05-06_automatico.db 
[OK] Removido arquivo antigo: estoque_2026-06-19_17-49-04_automatico.db 
[OK] Removido arquivo antigo: estoque_2026-06-17_10-55-13_automatico.db 
[OK] Removido arquivo antigo: estoque_2026-06-16_10-41-01_automatico.db 
[OK] Removido arquivo antigo: estoque_2026-06-15_14-24-35_automatico.db 
[OK] Removido arquivo antigo: estoque_2026-06-15_14-25-05_manual.db 
[OK] Backup externo concluido com sucesso 
 
============================================ 
Iniciando backup externo: 17/08/2026 20:05:42,73 
Copiando banco de dados principal... 
        1 arquivo(s) copiado(s).
[OK] Banco principal copiado 
Copiando backups diarios... 
30 arquivo(s) copiado(s)
[OK] Backups diarios copiados 
Limpando arquivos antigos no destino... 
[OK] Removido arquivo antigo: estoque_2026-07-07_03-00.db 
[OK] Removido arquivo antigo: estoque_2026-07-05_03-00.db 
[OK] Removido arquivo antigo: estoque_2026-07-04_10-48-36_automatico.db 
[OK] Removido arquivo antigo: estoque_2026-07-03_18-01-36_manual.db 
[OK] Removido arquivo antigo: estoque_2026-06-30_12-04-21_automatico.db 
[OK] Removido arquivo antigo: estoque_2026-06-30_12-01-58_manual.db 
[OK] Removido arquivo antigo: estoque_2026-06-30_12-02-59_manual.db 
[OK] Removido arquivo antigo: estoque_2026-06-27_18-18-39_manual.db 
[OK] Removido arquivo antigo: estoque_2026-06-26_11-05-22_automatico.db 
[OK] Removido arquivo antigo: estoque_2026-06-25_11-22-54_automatico.db 
[OK] Removido arquivo antigo: estoque_2026-06-24_11-14-41_automatico.db 
[OK] Removido arquivo antigo: estoque_2026-06-23_11-09-14_automatico.db 
[OK] Removido arquivo antigo: estoque_2026-06-22_21-40-50_automatico.db 
[OK] Removido arquivo antigo: estoque_2026-06-21_23-12-40_automatico.db 
[OK] Removido arquivo antigo: estoque_2026-06-20_00-05-06_automatico.db 
[OK] Removido arquivo antigo: estoque_2026-06-19_17-49-04_automatico.db 
[OK] Removido arquivo antigo: estoque_2026-06-17_10-55-13_automatico.db 
[OK] Removido arquivo antigo: estoque_2026-06-16_10-41-01_automatico.db 
[OK] Removido arquivo antigo: estoque_2026-06-15_14-25-05_manual.db 
[OK] Backup externo concluido com sucesso 
 
============================================ 
Iniciando backup externo: 18/08/2026  3:00:01,68 
Copiando banco de dados principal... 
        1 file(s) copied.
[OK] Banco principal copiado 
Copiando backups diarios... 
30 File(s) copied
[OK] Backups diarios copiados 
Limpando arquivos antigos no destino... 
[OK] Removido arquivo antigo: estoque_2026-07-08_03-00.db 
[OK] Removido arquivo antigo: estoque_2026-07-07_10-50-29_automatico.db 
[OK] Removido arquivo antigo: estoque_2026-07-04_10-48-36_automatico.db 
[OK] Removido arquivo antigo: estoque_2026-07-03_18-01-36_manual.db 
[OK] Removido arquivo antigo: estoque_2026-06-30_12-04-21_automatico.db 
[OK] Removido arquivo antigo: estoque_2026-06-30_12-01-58_manual.db 
[OK] Removido arquivo antigo: estoque_2026-06-30_12-02-59_manual.db 
[OK] Removido arquivo antigo: estoque_2026-06-27_18-18-39_manual.db 
[OK] Removido arquivo antigo: estoque_2026-06-26_11-05-22_automatico.db 
[OK] Removido arquivo antigo: estoque_2026-06-25_11-22-54_automatico.db 
[OK] Removido arquivo antigo: estoque_2026-06-24_11-14-41_automatico.db 
[OK] Removido arquivo antigo: estoque_2026-06-23_11-09-14_automatico.db 
[OK] Removido arquivo antigo: estoque_2026-06-22_21-40-50_automatico.db 
[OK] Removido arquivo antigo: estoque_2026-06-21_23-12-40_automatico.db 
[OK] Removido arquivo antigo: estoque_2026-06-20_00-05-06_automatico.db 
[OK] Removido arquivo antigo: estoque_2026-06-19_17-49-04_automatico.db 
[OK] Removido arquivo antigo: estoque_2026-06-17_10-55-13_automatico.db 
[OK] Removido arquivo antigo: estoque_2026-06-16_10-41-01_automatico.db 
[OK] Backup externo concluido com sucesso 
 
============================================ 
Iniciando backup externo: 19/08/2026  3:00:01,98 
Copiando banco de dados principal... 
        1 file(s) copied.
[OK] Banco principal copiado 
Copiando backups diarios... 
30 File(s) copied
[OK] Backups diarios copiados 
Limpando arquivos antigos no destino... 
[OK] Removido arquivo antigo: estoque_2026-07-09_03-00.db 
[OK] Removido arquivo antigo: estoque_2026-07-07_10-50-29_automatico.db 
[OK] Removido arquivo antigo: estoque_2026-07-04_10-48-36_automatico.db 
[OK] Removido arquivo antigo: estoque_2026-07-03_18-01-36_manual.db 
[OK] Removido arquivo antigo: estoque_2026-06-30_12-04-21_automatico.db 
[OK] Removido arquivo antigo: estoque_2026-06-30_12-01-58_manual.db 
[OK] Removido arquivo antigo: estoque_2026-06-30_12-02-59_manual.db 
[OK] Removido arquivo antigo: estoque_2026-06-27_18-18-39_manual.db 
[OK] Removido arquivo antigo: estoque_2026-06-26_11-05-22_automatico.db 
[OK] Removido arquivo antigo: estoque_2026-06-25_11-22-54_automatico.db 
[OK] Removido arquivo antigo: estoque_2026-06-24_11-14-41_automatico.db 
[OK] Removido arquivo antigo: estoque_2026-06-23_11-09-14_automatico.db 
[OK] Removido arquivo antigo: estoque_2026-06-22_21-40-50_automatico.db 
[OK] Removido arquivo antigo: estoque_2026-06-21_23-12-40_automatico.db 
[OK] Removido arquivo antigo: estoque_2026-06-20_00-05-06_automatico.db 
[OK] Removido arquivo antigo: estoque_2026-06-19_17-49-04_automatico.db 
[OK] Removido arquivo antigo: estoque_2026-06-17_10-55-13_automatico.db 
[OK] Removido arquivo antigo: estoque_2026-06-16_10-41-01_automatico.db 
[OK] Backup externo concluido com sucesso 
 
============================================ 
Iniciando backup externo: 20/08/2026  3:00:03,21 
Copiando banco de dados principal... 
        1 file(s) copied.
[OK] Banco principal copiado 
Copiando backups diarios... 
30 File(s) copied
[OK] Backups diarios copiados 
Limpando arquivos antigos no destino... 
[OK] Removido arquivo antigo: estoque_2026-07-10_03-00.db 
[OK] Removido arquivo antigo: estoque_2026-07-07_10-50-29_automatico.db 
[OK] Removido arquivo antigo: estoque_2026-07-04_10-48-36_automatico.db 
[OK] Removido arquivo antigo: estoque_2026-07-03_18-01-36_manual.db 
[OK] Removido arquivo antigo: estoque_2026-06-30_12-04-21_automatico.db 
[OK] Removido arquivo antigo: estoque_2026-06-30_12-01-58_manual.db 
[OK] Removido arquivo antigo: estoque_2026-06-30_12-02-59_manual.db 
[OK] Removido arquivo antigo: estoque_2026-06-27_18-18-39_manual.db 
[OK] Removido arquivo antigo: estoque_2026-06-26_11-05-22_automatico.db 
[OK] Removido arquivo antigo: estoque_2026-06-25_11-22-54_automatico.db 
[OK] Removido arquivo antigo: estoque_2026-06-24_11-14-41_automatico.db 
[OK] Removido arquivo antigo: estoque_2026-06-23_11-09-14_automatico.db 
[OK] Removido arquivo antigo: estoque_2026-06-22_21-40-50_automatico.db 
[OK] Removido arquivo antigo: estoque_2026-06-21_23-12-40_automatico.db 
[OK] Removido arquivo antigo: estoque_2026-06-20_00-05-06_automatico.db 
[OK] Removido arquivo antigo: estoque_2026-06-19_17-49-04_automatico.db 
[OK] Removido arquivo antigo: estoque_2026-06-17_10-55-13_automatico.db 
[OK] Removido arquivo antigo: estoque_2026-06-16_10-41-01_automatico.db 
[OK] Backup externo concluido com sucesso 
 
============================================ 
Iniciando backup externo: 21/08/2026  3:00:02,17 
Copiando banco de dados principal... 
        1 file(s) copied.
[OK] Banco principal copiado 
Copiando backups diarios... 
30 File(s) copied
[OK] Backups diarios copiados 
Limpando arquivos antigos no destino... 
[OK] Removido arquivo antigo: estoque_2026-07-11_03-00.db 
[OK] Removido arquivo antigo: estoque_2026-07-07_10-50-29_automatico.db 
[OK] Removido arquivo antigo: estoque_2026-07-04_10-48-36_automatico.db 
[OK] Removido arquivo antigo: estoque_2026-07-03_18-01-36_manual.db 
[OK] Removido arquivo antigo: estoque_2026-06-30_12-04-21_automatico.db 
[OK] Removido arquivo antigo: estoque_2026-06-30_12-01-58_manual.db 
[OK] Removido arquivo antigo: estoque_2026-06-30_12-02-59_manual.db 
[OK] Removido arquivo antigo: estoque_2026-06-27_18-18-39_manual.db 
[OK] Removido arquivo antigo: estoque_2026-06-26_11-05-22_automatico.db 
[OK] Removido arquivo antigo: estoque_2026-06-25_11-22-54_automatico.db 
[OK] Removido arquivo antigo: estoque_2026-06-24_11-14-41_automatico.db 
[OK] Removido arquivo antigo: estoque_2026-06-23_11-09-14_automatico.db 
[OK] Removido arquivo antigo: estoque_2026-06-22_21-40-50_automatico.db 
[OK] Removido arquivo antigo: estoque_2026-06-21_23-12-40_automatico.db 
[OK] Removido arquivo antigo: estoque_2026-06-20_00-05-06_automatico.db 
[OK] Removido arquivo antigo: estoque_2026-06-19_17-49-04_automatico.db 
[OK] Removido arquivo antigo: estoque_2026-06-17_10-55-13_automatico.db 
[OK] Removido arquivo antigo: estoque_2026-06-16_10-41-01_automatico.db 
[OK] Backup externo concluido com sucesso 
 
============================================ 
Iniciando backup externo: 22/08/2026  3:00:02,33 
Copiando banco de dados principal... 
        1 file(s) copied.
[OK] Banco principal copiado 
Copiando backups diarios... 
30 File(s) copied
[OK] Backups diarios copiados 
Limpando arquivos antigos no destino... 
[OK] Removido arquivo antigo: estoque_2026-07-12_03-00.db 
[OK] Removido arquivo antigo: estoque_2026-07-07_10-50-29_automatico.db 
[OK] Removido arquivo antigo: estoque_2026-07-04_10-48-36_automatico.db 
[OK] Removido arquivo antigo: estoque_2026-07-03_18-01-36_manual.db 
[OK] Removido arquivo antigo: estoque_2026-06-30_12-04-21_automatico.db 
[OK] Removido arquivo antigo: estoque_2026-06-30_12-01-58_manual.db 
[OK] Removido arquivo antigo: estoque_2026-06-30_12-02-59_manual.db 
[OK] Removido arquivo antigo: estoque_2026-06-27_18-18-39_manual.db 
[OK] Removido arquivo antigo: estoque_2026-06-26_11-05-22_automatico.db 
[OK] Removido arquivo antigo: estoque_2026-06-25_11-22-54_automatico.db 
[OK] Removido arquivo antigo: estoque_2026-06-24_11-14-41_automatico.db 
[OK] Removido arquivo antigo: estoque_2026-06-23_11-09-14_automatico.db 
[OK] Removido arquivo antigo: estoque_2026-06-22_21-40-50_automatico.db 
[OK] Removido arquivo antigo: estoque_2026-06-21_23-12-40_automatico.db 
[OK] Removido arquivo antigo: estoque_2026-06-20_00-05-06_automatico.db 
[OK] Removido arquivo antigo: estoque_2026-06-19_17-49-04_automatico.db 
[OK] Removido arquivo antigo: estoque_2026-06-17_10-55-13_automatico.db 
[OK] Removido arquivo antigo: estoque_2026-06-16_10-41-01_automatico.db 
[OK] Backup externo concluido com sucesso 
 
============================================ 
Iniciando backup externo: 23/08/2026  3:00:02,26 
Copiando banco de dados principal... 
        1 file(s) copied.
[OK] Banco principal copiado 
Copiando backups diarios... 
30 File(s) copied
[OK] Backups diarios copiados 
Limpando arquivos antigos no destino... 
[OK] Removido arquivo antigo: estoque_2026-07-13_03-00.db 
[OK] Removido arquivo antigo: estoque_2026-07-07_10-50-29_automatico.db 
[OK] Removido arquivo antigo: estoque_2026-07-04_10-48-36_automatico.db 
[OK] Removido arquivo antigo: estoque_2026-07-03_18-01-36_manual.db 
[OK] Removido arquivo antigo: estoque_2026-06-30_12-04-21_automatico.db 
[OK] Removido arquivo antigo: estoque_2026-06-30_12-01-58_manual.db 
[OK] Removido arquivo antigo: estoque_2026-06-30_12-02-59_manual.db 
[OK] Removido arquivo antigo: estoque_2026-06-27_18-18-39_manual.db 
[OK] Removido arquivo antigo: estoque_2026-06-26_11-05-22_automatico.db 
[OK] Removido arquivo antigo: estoque_2026-06-25_11-22-54_automatico.db 
[OK] Removido arquivo antigo: estoque_2026-06-24_11-14-41_automatico.db 
[OK] Removido arquivo antigo: estoque_2026-06-23_11-09-14_automatico.db 
[OK] Removido arquivo antigo: estoque_2026-06-22_21-40-50_automatico.db 
[OK] Removido arquivo antigo: estoque_2026-06-21_23-12-40_automatico.db 
[OK] Removido arquivo antigo: estoque_2026-06-20_00-05-06_automatico.db 
[OK] Removido arquivo antigo: estoque_2026-06-19_17-49-04_automatico.db 
[OK] Removido arquivo antigo: estoque_2026-06-17_10-55-13_automatico.db 
[OK] Removido arquivo antigo: estoque_2026-06-16_10-41-01_automatico.db 
[OK] Backup externo concluido com sucesso 
 
============================================ 
Iniciando backup externo: 24/08/2026  3:00:02,46 
Copiando banco de dados principal... 
        1 file(s) copied.
[OK] Banco principal copiado 
Copiando backups diarios... 
30 File(s) copied
[OK] Backups diarios copiados 
Limpando arquivos antigos no destino... 
[OK] Removido arquivo antigo: estoque_2026-07-14_03-00.db 
[OK] Removido arquivo antigo: estoque_2026-07-07_10-50-29_automatico.db 
[OK] Removido arquivo antigo: estoque_2026-07-04_10-48-36_automatico.db 
[OK] Removido arquivo antigo: estoque_2026-07-03_18-01-36_manual.db 
[OK] Removido arquivo antigo: estoque_2026-06-30_12-04-21_automatico.db 
[OK] Removido arquivo antigo: estoque_2026-06-30_12-01-58_manual.db 
[OK] Removido arquivo antigo: estoque_2026-06-30_12-02-59_manual.db 
[OK] Removido arquivo antigo: estoque_2026-06-27_18-18-39_manual.db 
[OK] Removido arquivo antigo: estoque_2026-06-26_11-05-22_automatico.db 
[OK] Removido arquivo antigo: estoque_2026-06-25_11-22-54_automatico.db 
[OK] Removido arquivo antigo: estoque_2026-06-24_11-14-41_automatico.db 
[OK] Removido arquivo antigo: estoque_2026-06-23_11-09-14_automatico.db 
[OK] Removido arquivo antigo: estoque_2026-06-22_21-40-50_automatico.db 
[OK] Removido arquivo antigo: estoque_2026-06-21_23-12-40_automatico.db 
[OK] Removido arquivo antigo: estoque_2026-06-20_00-05-06_automatico.db 
[OK] Removido arquivo antigo: estoque_2026-06-19_17-49-04_automatico.db 
[OK] Removido arquivo antigo: estoque_2026-06-17_10-55-13_automatico.db 
[OK] Removido arquivo antigo: estoque_2026-06-16_10-41-01_automatico.db 
[OK] Backup externo concluido com sucesso 
 
============================================ 
Iniciando backup externo: 25/08/2026  3:00:02,10 
Copiando banco de dados principal... 
        1 file(s) copied.
[OK] Banco principal copiado 
Copiando backups diarios... 
30 File(s) copied
[OK] Backups diarios copiados 
Limpando arquivos antigos no destino... 
[OK] Removido arquivo antigo: estoque_2026-07-16_03-00.db 
[OK] Removido arquivo antigo: estoque_2026-07-15_03-00.db 
[OK] Removido arquivo antigo: estoque_2026-07-07_10-50-29_automatico.db 
[OK] Removido arquivo antigo: estoque_2026-07-04_10-48-36_automatico.db 
[OK] Removido arquivo antigo: estoque_2026-07-03_18-01-36_manual.db 
[OK] Removido arquivo antigo: estoque_2026-06-30_12-04-21_automatico.db 
[OK] Removido arquivo antigo: estoque_2026-06-30_12-01-58_manual.db 
[OK] Removido arquivo antigo: estoque_2026-06-30_12-02-59_manual.db 
[OK] Removido arquivo antigo: estoque_2026-06-27_18-18-39_manual.db 
[OK] Removido arquivo antigo: estoque_2026-06-26_11-05-22_automatico.db 
[OK] Removido arquivo antigo: estoque_2026-06-25_11-22-54_automatico.db 
[OK] Removido arquivo antigo: estoque_2026-06-24_11-14-41_automatico.db 
[OK] Removido arquivo antigo: estoque_2026-06-23_11-09-14_automatico.db 
[OK] Removido arquivo antigo: estoque_2026-06-22_21-40-50_automatico.db 
[OK] Removido arquivo antigo: estoque_2026-06-21_23-12-40_automatico.db 
[OK] Removido arquivo antigo: estoque_2026-06-20_00-05-06_automatico.db 
[OK] Removido arquivo antigo: estoque_2026-06-19_17-49-04_automatico.db 
[OK] Removido arquivo antigo: estoque_2026-06-17_10-55-13_automatico.db 
[OK] Backup externo concluido com sucesso 
